
> promagen-frontend@0.1.0 build
> next build

  Ôû▓ Next.js 14.2.33
  - Environments: .env.local

   Creating an optimized production build ...
node.exe :  ÔÜá Compiled with warnings
At line:1 char:1
+ & "C:\Program Files\nodejs/node.exe" "C:\Program Files\nodejs/node_mo ...
+ ~~~~~~~~~~~~~~~~~~~~~~~~~~~~~~~~~~~~~~~~~~~~~~~~~~~~~~~~~~~~~~~~~~~~~
    + CategoryInfo          : NotSpecified: ( ÔÜá Compiled with warnings:String) [], RemoteException
    + FullyQualifiedErrorId : NativeCommandError
 

./src/app/providers/page.tsx
Attempted import error: 'getApiBase' is not exported from '@/lib/api' (imported as 'getApiBase').

Import trace for requested module:
./src/app/providers/page.tsx

./src/app/providers/page.tsx
Attempted import error: 'fetchProviders' is not exported from '@/lib/api' (imported as 'fetchProviders').

Import trace for requested module:
./src/app/providers/page.tsx

./src/app/providers/page.tsx
Attempted import error: 'fetchProviders' is not exported from '@/lib/api' (imported as 'fetchProviders').

Import trace for requested module:
./src/app/providers/page.tsx

./src/app/providers/page.tsx
Attempted import error: '@/lib/providers' does not contain a default export (imported as 'PROVIDERS').

Import trace for requested module:
./src/app/providers/page.tsx

./src/app/providers/page.tsx
Attempted import error: '@/lib/providers' does not contain a default export (imported as 'PROVIDERS').

Import trace for requested module:
./src/app/providers/page.tsx

./src/app/providers/page.tsx
Attempted import error: '@/lib/providers' does not contain a default export (imported as 'PROVIDERS').

Import trace for requested module:
./src/app/providers/page.tsx

./src/components/prompts/PromptCard.tsx
Attempted import error: 'postLike' is not exported from '@/lib/api' (imported as 'postLike').

Import trace for requested module:
./src/components/prompts/PromptCard.tsx
./src/components/prompts/PromptGrid.tsx

./src/components/prompts/PromptDrawer.tsx
Attempted import error: 'postRemix' is not exported from '@/lib/api' (imported as 'postRemix').

Import trace for requested module:
./src/components/prompts/PromptDrawer.tsx
./src/components/prompts/PromptGrid.tsx

./src/components/prompts/PromptGrid.tsx
Attempted import error: 'usePromptsSWR' is not exported from '@/lib/api' (imported as 'usePromptsSWR').

Import trace for requested module:
./src/components/prompts/PromptGrid.tsx

./src/components/prompts/PromptGrid.tsx
Attempted import error: 'getCommunity' is not exported from '@/data/prompts' (imported as 'getCommunity').

Import trace for requested module:
./src/components/prompts/PromptGrid.tsx

./src/components/prompts/PromptGrid.tsx
Attempted import error: 'allTags' is not exported from '@/data/prompts' (imported as 'seedAllTags').

Import trace for requested module:
./src/components/prompts/PromptGrid.tsx

./src/app/leaderboard/page.tsx
Attempted import error: 'getLeaderboard' is not exported from '@/lib/apiClient' (imported as 'getLeaderboard').

Import trace for requested module:
./src/app/leaderboard/page.tsx

 ÔÜá Compiled with warnings

./src/app/providers/page.tsx
Attempted import error: 'getApiBase' is not exported from '@/lib/api' (imported as 'getApiBase').

Import trace for requested module:
./src/app/providers/page.tsx

./src/app/providers/page.tsx
Attempted import error: 'fetchProviders' is not exported from '@/lib/api' (imported as 'fetchProviders').

Import trace for requested module:
./src/app/providers/page.tsx

./src/app/providers/page.tsx
Attempted import error: 'fetchProviders' is not exported from '@/lib/api' (imported as 'fetchProviders').

Import trace for requested module:
./src/app/providers/page.tsx

./src/app/providers/page.tsx
Attempted import error: '@/lib/providers' does not contain a default export (imported as 'PROVIDERS').

Import trace for requested module:
./src/app/providers/page.tsx

./src/app/providers/page.tsx
Attempted import error: '@/lib/providers' does not contain a default export (imported as 'PROVIDERS').

Import trace for requested module:
./src/app/providers/page.tsx

./src/app/providers/page.tsx
Attempted import error: '@/lib/providers' does not contain a default export (imported as 'PROVIDERS').

Import trace for requested module:
./src/app/providers/page.tsx

./src/components/prompts/PromptCard.tsx
Attempted import error: 'postLike' is not exported from '@/lib/api' (imported as 'postLike').

Import trace for requested module:
./src/components/prompts/PromptCard.tsx
./src/components/prompts/PromptGrid.tsx

./src/components/prompts/PromptDrawer.tsx
Attempted import error: 'postRemix' is not exported from '@/lib/api' (imported as 'postRemix').

Import trace for requested module:
./src/components/prompts/PromptDrawer.tsx
./src/components/prompts/PromptGrid.tsx

./src/components/prompts/PromptGrid.tsx
Attempted import error: 'usePromptsSWR' is not exported from '@/lib/api' (imported as 'usePromptsSWR').

Import trace for requested module:
./src/components/prompts/PromptGrid.tsx

./src/components/prompts/PromptGrid.tsx
Attempted import error: 'getCommunity' is not exported from '@/data/prompts' (imported as 'getCommunity').

Import trace for requested module:
./src/components/prompts/PromptGrid.tsx

./src/components/prompts/PromptGrid.tsx
Attempted import error: 'allTags' is not exported from '@/data/prompts' (imported as 'seedAllTags').

Import trace for requested module:
./src/components/prompts/PromptGrid.tsx

 Ô£ô Compiled successfully
   Linting and checking validity of types ...
Failed to compile.

./src/app/leaderboard/page.tsx:1:10
Type error: Module '"@/lib/apiClient"' has no exported member 'getLeaderboard'.

[0m[31m[1m>[22m[39m[90m 1 |[39m [36mimport[39m { getLeaderboard } [36mfrom[39m 
[32m"@/lib/apiClient"[39m[33m;[39m[0m
[0m [90m   |[39m          [31m[1m^[22m[39m[0m
[0m [90m 2 |[39m [36mimport[39m [33mProviderCard[39m [36mfrom[39m 
[32m"@/components/ProviderCard"[39m[33m;[39m[0m
[0m [90m 3 |[39m [36mimport[39m [33mWorldClocks[39m [36mfrom[39m [32m"@/components/WorldClocks"[39m[33m;[39m[0m
[0m [90m 4 |[39m[0m
Next.js build worker exited with code: 1 and signal: null
