
> promagen-frontend@1.0.0 typecheck C:\Users\Proma\Projects\promagen\frontend
> tsc --noEmit

